INSERT INTO links (URL, DATE, EMAIL_HASH, EMAIL_SALT) VALUES ("www.google.com/", "Fri Oct 11 2024 10:58:24 GMT+0300 (Eastern European Summer Time)", "97da1ca64b461ea4cce9fc34606c526e06127e54cfe4482c08b1ff6c3e1e2ae5c033defe5b1adc2ec28fe5f46e244aab745b5536c1ef92cad01d77625a4ae63b", "e9e67431c1340a722ed6"); 
SELECT ID FROM links WHERE EMAIL_SALT = "e9e67431c1340a722ed6"; 
INSERT INTO links (URL, DATE, EMAIL_HASH, EMAIL_SALT) VALUES ("www.google.com/", "Fri Oct 11 2024 10:58:24 GMT+0300 (Eastern European Summer Time)", "db90f162aa6b29f6097db18d54da0a9c8cee8cc58e95bcdc7fe356efacc87e866281f4905e6547f02b9fad70a80f264319fe8eb23a6b150fbd57925bb7e6a8b8", "bd214854c18d9d4b70ba"); 
SELECT ID FROM links WHERE EMAIL_SALT = "bd214854c18d9d4b70ba"; 
SELECT URL FROM Links WHERE ID = 3; 
SELECT URL FROM Links WHERE ID = www.google.com; 
SELECT URL FROM Links WHERE ID = www.google.com; 
SELECT URL FROM Links WHERE ID = 3; 
SELECT URL FROM Links WHERE ID = www.google.com; 
SELECT URL FROM Links WHERE ID = www.google.com; 
SELECT URL FROM Links WHERE ID = @www.google.com; 
SELECT URL FROM Links WHERE ID = www.google.com; 
SELECT URL FROM Links WHERE ID = :www.google.com; 
SELECT URL FROM Links WHERE ID = 4; 
SELECT URL FROM Links WHERE ID = 4; 
SELECT URL FROM Links WHERE ID = 4; 
INSERT INTO links (URL, DATE, EMAIL_HASH, EMAIL_SALT) VALUES ("https://google.com/", "Fri Oct 11 2024 11:04:08 GMT+0300 (Eastern European Summer Time)", "58cb1644e150a2de876484563ac9ea0e8147aa6e0c37a1253e74f6d2b22b42d696fa7c8a9f6daecfa1d8e696e94780fae3fe1f54bfaf87b81f30e85b85ad2908", "a14ec968f504025"); 
SELECT ID FROM links WHERE EMAIL_SALT = "a14ec968f504025"; 
INSERT INTO links (URL, DATE, EMAIL_HASH, EMAIL_SALT) VALUES ("https://google.com/", "Fri Oct 11 2024 11:04:10 GMT+0300 (Eastern European Summer Time)", "006aef8bfea36fa31be88413415b1f436d018db10a971ea4a484927cb77091d7dc84e04eae9cb6acdd8319822b3139d9a3c37c88a47b30dd0587820e9709c42d", "ebc4150b47f32b1"); 
SELECT ID FROM links WHERE EMAIL_SALT = "ebc4150b47f32b1"; 
SELECT URL FROM Links WHERE ID = 5; 
SELECT URL FROM Links WHERE ID = 4; 
